
> spec-layer-monorepo@1.0.0 check:ci
> npm run lint && npm run typecheck && npm run check:nul && npm run test:coverage && npm run build:plugin && npm run build:cli && npm run check:cli-bundle && npm run check:sandbox && npm run check:proxy-dry-run && npm run audit


> spec-layer-monorepo@1.0.0 lint
> eslint . --max-warnings=0


> spec-layer-monorepo@1.0.0 typecheck
> tsc -p packages/extractor/tsconfig.json --noEmit && tsc -p packages/plugin/tsconfig.json --noEmit && tsc -p packages/proxy/tsconfig.json --noEmit && tsc -p packages/cli/tsconfig.json --noEmit


> spec-layer-monorepo@1.0.0 check:nul
> node scripts/check-nul-bytes.mjs


> spec-layer-monorepo@1.0.0 test:coverage
> vitest run --coverage

(!) Your Vite config uses features that are unsupported by `configLoader: 'native'`, which is planned to become the default in a future major version of Vite:
  - ESM syntax in a file loaded as CommonJS (vitest.config.ts:1:1). Use a `.mjs` extension or set `"type": "module"` in the closest package.json
Set `VITE_CONFIG_NATIVE_IGNORE_WARNING=true` to suppress this warning.

 RUN  v4.1.11 /private/tmp/spec-layer-website-ci
      Coverage enabled with v8


 Test Files  119 passed (119)
      Tests  2207 passed | 9 todo (2216)
   Start at  15:02:08
   Duration  12.30s (transform 4.67s, setup 0ms, import 11.59s, tests 24.47s, environment 850ms)

 % Coverage report from v8

=============================== Coverage summary ===============================
Statements   : 84.56% ( 7902/9344 )
Branches     : 82.91% ( 5706/6882 )
Functions    : 93.01% ( 1545/1661 )
Lines        : 85.14% ( 6817/8006 )
================================================================================

> spec-layer-monorepo@1.0.0 build:plugin
> node packages/plugin/build.mjs

Built dist/main.js
Built dist/ui.html (from src/ui/ui-vnext.ts)

> spec-layer-monorepo@1.0.0 build:cli
> node packages/cli/build.mjs


> spec-layer-monorepo@1.0.0 check:cli-bundle
> node scripts/check-cli-bundle.mjs


> spec-layer-monorepo@1.0.0 check:sandbox
> node scripts/check-main-sandbox.mjs


> spec-layer-monorepo@1.0.0 check:proxy-dry-run
> npm run check:deploy --workspace @spec-layer/proxy


> @spec-layer/proxy@0.1.0 check:deploy
> wrangler deploy --dry-run --config wrangler.toml


 ⛅️ wrangler 4.127.0 (update available 4.129.0)
───────────────────────────────────────────────
Total Upload: 70.00 KiB / gzip: 18.78 KiB
Your Worker has access to the following bindings:
Binding                                                   Resource            
env.QUOTA (QuotaDO)                                       Durable Object      
env.LICENSE_CACHE (46fbd911b2194babbf2019fd4d0b412a)      KV Namespace        

--dry-run: exiting now.

> spec-layer-monorepo@1.0.0 audit
> npm audit

found 0 vulnerabilities
